[2026-07-05T05:13:20.118Z] Error in POST /api/diagnoses: Diagnosis validation failed: severity: `N/A` is not a valid enum value for path `severity`.
Stack: ValidationError: Diagnosis validation failed: severity: `N/A` is not a valid enum value for path `severity`.
    at Document.invalidate (C:\Users\gamer\Downloads\sem6\node_modules\mongoose\lib\document.js:3385:32)
    at validatePath (C:\Users\gamer\Downloads\sem6\node_modules\mongoose\lib\document.js:3160:13)
    at process.processTicksAndRejections (node:internal/process/task_queues:105:5)
    at async Promise.all (index 4)
    at async model.$__validate (C:\Users\gamer\Downloads\sem6\node_modules\mongoose\lib\document.js:3101:3)
    at async model.validate (C:\Users\gamer\Downloads\sem6\node_modules\mongoose\lib\document.js:2672:5)
    at async model.validateBeforeSave (C:\Users\gamer\Downloads\sem6\node_modules\mongoose\lib\plugins\validateBeforeSave.js:34:7)
    at async Kareem.execPre (C:\Users\gamer\Downloads\sem6\node_modules\kareem\index.js:65:24)
    at async model.$__save (C:\Users\gamer\Downloads\sem6\node_modules\mongoose\lib\model.js:369:5)
    at async model.save (C:\Users\gamer\Downloads\sem6\node_modules\mongoose\lib\model.js:609:5)
    at async C:\Users\gamer\Downloads\sem6\node_modules\mongoose\lib\model.js:2714:9
    at async Promise.all (index 0)
    at async Function.create (C:\Users\gamer\Downloads\sem6\node_modules\mongoose\lib\model.js:2699:11)
    at async POST (C:\Users\gamer\Downloads\sem6\.next\dev\server\chunks\[root-of-the-server]__f978e085._.js:394:27)
    at async AppRouteRouteModule.do (C:\Users\gamer\Downloads\sem6\node_modules\next\dist\compiled\next-server\app-route-turbo.runtime.dev.js:5:37789)
    at async AppRouteRouteModule.handle (C:\Users\gamer\Downloads\sem6\node_modules\next\dist\compiled\next-server\app-route-turbo.runtime.dev.js:5:45045)
    at async responseGenerator (C:\Users\gamer\Downloads\sem6\.next\dev\server\chunks\ecd87_e463ed5e._.js:16451:38)
    at async AppRouteRouteModule.handleResponse (C:\Users\gamer\Downloads\sem6\node_modules\next\dist\compiled\next-server\app-route-turbo.runtime.dev.js:1:187851)
    at async handleResponse (C:\Users\gamer\Downloads\sem6\.next\dev\server\chunks\ecd87_e463ed5e._.js:16513:32)
    at async handler (C:\Users\gamer\Downloads\sem6\.next\dev\server\chunks\ecd87_e463ed5e._.js:16566:13)
    at async DevServer.renderToResponseWithComponentsImpl (C:\Users\gamer\Downloads\sem6\node_modules\next\dist\server\base-server.js:1413:9)
    at async DevServer.renderPageComponent (C:\Users\gamer\Downloads\sem6\node_modules\next\dist\server\base-server.js:1465:24)
    at async DevServer.renderToResponseImpl (C:\Users\gamer\Downloads\sem6\node_modules\next\dist\server\base-server.js:1515:32)
    at async DevServer.pipeImpl (C:\Users\gamer\Downloads\sem6\node_modules\next\dist\server\base-server.js:1021:25)
    at async NextNodeServer.handleCatchallRenderRequest (C:\Users\gamer\Downloads\sem6\node_modules\next\dist\server\next-server.js:394:17)
    at async DevServer.handleRequestImpl (C:\Users\gamer\Downloads\sem6\node_modules\next\dist\server\base-server.js:912:17)
    at async C:\Users\gamer\Downloads\sem6\node_modules\next\dist\server\dev\next-dev-server.js:382:20
    at async Span.traceAsyncFn (C:\Users\gamer\Downloads\sem6\node_modules\next\dist\trace\trace.js:157:20)
    at async DevServer.handleRequest (C:\Users\gamer\Downloads\sem6\node_modules\next\dist\server\dev\next-dev-server.js:378:24)
    at async invokeRender (C:\Users\gamer\Downloads\sem6\node_modules\next\dist\server\lib\router-server.js:240:21)
    at async handleRequest (C:\Users\gamer\Downloads\sem6\node_modules\next\dist\server\lib\router-server.js:436:24)
    at async requestHandlerImpl (C:\Users\gamer\Downloads\sem6\node_modules\next\dist\server\lib\router-server.js:484:13)
    at async Server.requestListener (C:\Users\gamer\Downloads\sem6\node_modules\next\dist\server\lib\start-server.js:226:13)
